// Jest Snapshot v1, https://goo.gl/fbAQLP

exports[`Home page renders correctly 1`] = `
Object {
  "asFragment": [Function],
  "baseElement": <body>
    <div>
      <div
        class="uui-panel lNErC1 headerWrapper -YmdJu"
      >
        <div
          class="uui-flex-row z4sbms _1HO2Le x8mfAd q3nKl2"
        >
          <div
            class=""
            style="min-width: 0; flex-basis: 100%; text-align: center; align-self: center;"
          >
            <div
              class="DItj1X uui-text uui-color-primary uui-font-weight-600 uui-font-style-normal uui-typography b2hPSQ -KuFcE ACLoGo headerTitle VocdbV"
            >
              Welcome to Artograd
            </div>
            <div
              class="DItj1X uui-text uui-color-primary uui-font-weight-600 uui-font-style-normal uui-typography b2hPSQ -KuFcE ACLoGo headerSubTitle VocdbV"
            >
              The largest community of creators and city residents. 
              <br />
               Be the one who changes the world around.
            </div>
            <div
              class="uui-flex-row z4sbms _1HO2Le headerCta x8mfAd q3nKl2"
            >
              <button
                class="penmb- uui-button-box uui-enabled -clickable qBwJ-6 uui-button uui-fill-solid uui-color-primary uui-size-36"
                data-testid="join-community-cta"
                tabindex="0"
                type="button"
              >
                <div
                  class="uui-caption"
                >
                  Join Community
                </div>
              </button>
            </div>
          </div>
        </div>
      </div>
      <div
        class="steps"
        style="min-width: 0; flex-basis: 100%;"
      >
        <div
          class="DItj1X uui-text uui-color-primary uui-font-weight-700 uui-font-style-normal uui-typography b2hPSQ -KuFcE ACLoGo stepsTitle VocdbV"
        >
          How it works
        </div>
        <div
          class="uui-flex-row z4sbms _1HO2Le stepsSection x8mfAd q3nKl2"
        >
          <div
            class="desktop"
            style="min-width: 0; flex-basis: auto;"
          >
            <div
              class="uui-panel lNErC1 stepWrapper -YmdJu"
            >
              <div
                class="uui-panel lNErC1 step false undefined -YmdJu"
              >
                <div
                  class="uui-flex-row z4sbms _1HO2Le x8mfAd _7a2mcl"
                >
                  <div
                    class=""
                    style="min-width: 0; flex-basis: auto;"
                  >
                    <div
                      class="DItj1X uui-text uui-color-primary uui-font-weight-400 uui-font-style-normal uui-typography b2hPSQ -KuFcE ACLoGo stepNumber VocdbV"
                    >
                      01
                    </div>
                    <div
                      class="DItj1X uui-text uui-color-primary uui-font-weight-400 uui-font-style-normal uui-typography b2hPSQ -KuFcE ACLoGo stepTitle VocdbV"
                    >
                      Tenders for art objects are opened
                    </div>
                  </div>
                </div>
                <div
                  class="DItj1X uui-text uui-color-primary uui-font-weight-400 uui-font-style-normal uui-typography -Y5Dym _6GiZro _6Zp8gd stepDescription VocdbV"
                >
                  State officials announce open calls for street art tenders, inviting sculptors, artists, and creators to enhance the cityscape with original art installations.
                </div>
                <div
                  class="uui-flex-row z4sbms _1HO2Le x8mfAd k3cQ11"
                >
                  <div
                    class=""
                    style="min-width: 0; flex-basis: auto;"
                  >
                    <a
                      class="penmb- uui-button-box uui-enabled -clickable uui-link_button tZra-e uui-size-42 uui-no-left-icon uui-has-right-icon uui-color-primary"
                      data-testid="step-link-1"
                      role="link"
                      tabindex="0"
                    >
                      <div
                        class="uui-caption stepLink"
                      >
                        Discover Open Tenders
                      </div>
                      <div
                        class="_1t9CRQ uui-icon uui-enabled"
                      >
                        <svg
                          class=""
                        >
                          navigation-chevron-right-18.svg
                        </svg>
                      </div>
                    </a>
                  </div>
                </div>
              </div>
            </div>
            <div
              class="uui-panel lNErC1 stepWrapper -YmdJu"
            >
              <div
                class="uui-panel lNErC1 step false offsetEnd -YmdJu"
              >
                <div
                  class="uui-flex-row z4sbms _1HO2Le x8mfAd _7a2mcl"
                >
                  <div
                    class=""
                    style="min-width: 0; flex-basis: auto;"
                  >
                    <div
                      class="DItj1X uui-text uui-color-primary uui-font-weight-400 uui-font-style-normal uui-typography b2hPSQ -KuFcE ACLoGo stepNumber VocdbV"
                    >
                      03
                    </div>
                    <div
                      class="DItj1X uui-text uui-color-primary uui-font-weight-400 uui-font-style-normal uui-typography b2hPSQ -KuFcE ACLoGo stepTitle VocdbV"
                    >
                      Community Voting
                    </div>
                  </div>
                </div>
                <div
                  class="DItj1X uui-text uui-color-primary uui-font-weight-400 uui-font-style-normal uui-typography -Y5Dym _6GiZro _6Zp8gd stepDescription VocdbV"
                >
                  After submissions close, the public gets to cast their vote, selecting the final winning concept that will be brought to life.
                </div>
                <div
                  class="uui-flex-row z4sbms _1HO2Le x8mfAd k3cQ11"
                >
                  <div
                    class=""
                    style="min-width: 0; flex-basis: auto;"
                  >
                    <a
                      class="penmb- uui-button-box uui-enabled -clickable uui-link_button tZra-e uui-size-42 uui-no-left-icon uui-has-right-icon uui-color-primary"
                      data-testid="step-link-3"
                      role="link"
                      tabindex="0"
                    >
                      <div
                        class="uui-caption stepLink"
                      >
                        Vote for Art projects
                      </div>
                      <div
                        class="_1t9CRQ uui-icon uui-enabled"
                      >
                        <svg
                          class=""
                        >
                          navigation-chevron-right-18.svg
                        </svg>
                      </div>
                    </a>
                  </div>
                  <div
                    class="stepIcon"
                    style="min-width: 0; flex-basis: auto;"
                  >
                    <img
                      src="laptop.svg"
                    />
                  </div>
                </div>
              </div>
            </div>
            <div
              class="uui-panel lNErC1 stepWrapper -YmdJu"
            >
              <div
                class="uui-panel lNErC1 step false undefined -YmdJu"
              >
                <div
                  class="uui-flex-row z4sbms _1HO2Le x8mfAd _7a2mcl"
                >
                  <div
                    class=""
                    style="min-width: 0; flex-basis: auto;"
                  >
                    <div
                      class="DItj1X uui-text uui-color-primary uui-font-weight-400 uui-font-style-normal uui-typography b2hPSQ -KuFcE ACLoGo stepNumber VocdbV"
                    >
                      05
                    </div>
                    <div
                      class="DItj1X uui-text uui-color-primary uui-font-weight-400 uui-font-style-normal uui-typography b2hPSQ -KuFcE ACLoGo stepTitle VocdbV"
                    >
                      Art Donations
                    </div>
                  </div>
                </div>
                <div
                  class="DItj1X uui-text uui-color-primary uui-font-weight-400 uui-font-style-normal uui-typography -Y5Dym _6GiZro _6Zp8gd stepDescription VocdbV"
                >
                  Upon completion, the new art installation is unveiled, complete with a donation box and QR code for ongoing support through online contributions. Donations received are shared with the investors and the artist, fostering a sustainable cycle that encourages the creation of new art projects.
                </div>
                <div
                  class="uui-flex-row z4sbms _1HO2Le x8mfAd k3cQ11"
                >
                  <div
                    class=""
                    style="min-width: 0; flex-basis: auto;"
                  >
                    <a
                      class="penmb- uui-button-box uui-enabled -clickable uui-link_button tZra-e uui-size-42 uui-no-left-icon uui-has-right-icon uui-color-primary"
                      data-testid="step-link-5"
                      role="link"
                      tabindex="0"
                    >
                      <div
                        class="uui-caption stepLink"
                      >
                        Donate to Support Art
                      </div>
                      <div
                        class="_1t9CRQ uui-icon uui-enabled"
                      >
                        <svg
                          class=""
                        >
                          navigation-chevron-right-18.svg
                        </svg>
                      </div>
                    </a>
                  </div>
                </div>
              </div>
            </div>
          </div>
          <div
            class="desktop"
            style="min-width: 0; flex-basis: auto;"
          >
            <div
              class="uui-panel lNErC1 stepWrapper -YmdJu"
            >
              <div
                class="uui-panel lNErC1 step offsetStart false -YmdJu"
              >
                <div
                  class="uui-flex-row z4sbms _1HO2Le x8mfAd _7a2mcl"
                >
                  <div
                    class=""
                    style="min-width: 0; flex-basis: auto;"
                  >
                    <div
                      class="DItj1X uui-text uui-color-primary uui-font-weight-400 uui-font-style-normal uui-typography b2hPSQ -KuFcE ACLoGo stepNumber VocdbV"
                    >
                      02
                    </div>
                    <div
                      class="DItj1X uui-text uui-color-primary uui-font-weight-400 uui-font-style-normal uui-typography b2hPSQ -KuFcE ACLoGo stepTitle VocdbV"
                    >
                      Ideas submission
                    </div>
                  </div>
                  <div
                    class="stepIcon"
                    style="min-width: 0; flex-basis: auto;"
                  >
                    <img
                      src="draganddrop.svg"
                    />
                  </div>
                </div>
                <div
                  class="DItj1X uui-text uui-color-primary uui-font-weight-400 uui-font-style-normal uui-typography -Y5Dym _6GiZro _6Zp8gd stepDescription VocdbV"
                >
                  Talented individuals submit their unique proposals, detailing their artistic concepts and providing estimated implementation costs for their envisioned projects.
                </div>
                <div
                  class="uui-flex-row z4sbms _1HO2Le x8mfAd k3cQ11"
                >
                  <div
                    class=""
                    style="min-width: 0; flex-basis: auto;"
                  >
                    <a
                      class="penmb- uui-button-box uui-enabled -clickable uui-link_button tZra-e uui-size-42 uui-no-left-icon uui-has-right-icon uui-color-primary"
                      data-testid="step-link-2"
                      role="link"
                      tabindex="0"
                    >
                      <div
                        class="uui-caption stepLink"
                      >
                        Submit Your Proposal
                      </div>
                      <div
                        class="_1t9CRQ uui-icon uui-enabled"
                      >
                        <svg
                          class=""
                        >
                          navigation-chevron-right-18.svg
                        </svg>
                      </div>
                    </a>
                  </div>
                </div>
              </div>
            </div>
            <div
              class="uui-panel lNErC1 stepWrapper -YmdJu"
            >
              <div
                class="uui-panel lNErC1 step false offsetEnd -YmdJu"
              >
                <div
                  class="uui-flex-row z4sbms _1HO2Le x8mfAd _7a2mcl"
                >
                  <div
                    class=""
                    style="min-width: 0; flex-basis: auto;"
                  >
                    <div
                      class="DItj1X uui-text uui-color-primary uui-font-weight-400 uui-font-style-normal uui-typography b2hPSQ -KuFcE ACLoGo stepNumber VocdbV"
                    >
                      04
                    </div>
                    <div
                      class="DItj1X uui-text uui-color-primary uui-font-weight-400 uui-font-style-normal uui-typography b2hPSQ -KuFcE ACLoGo stepTitle VocdbV"
                    >
                      Fundraising for the Art
                    </div>
                  </div>
                </div>
                <div
                  class="DItj1X uui-text uui-color-primary uui-font-weight-400 uui-font-style-normal uui-typography -Y5Dym _6GiZro _6Zp8gd stepDescription VocdbV"
                >
                  A call for investment is made to raise the necessary funds. As long the funds are coming in, the winner receives them to materialize the artistic vision.
                </div>
                <div
                  class="uui-flex-row z4sbms _1HO2Le x8mfAd k3cQ11"
                >
                  <div
                    class=""
                    style="min-width: 0; flex-basis: auto;"
                  >
                    <a
                      class="penmb- uui-button-box uui-enabled -clickable uui-link_button tZra-e uui-size-42 uui-no-left-icon uui-has-right-icon uui-color-primary"
                      data-testid="step-link-4"
                      role="link"
                      tabindex="0"
                    >
                      <div
                        class="uui-caption stepLink"
                      >
                        Invest in Art
                      </div>
                      <div
                        class="_1t9CRQ uui-icon uui-enabled"
                      >
                        <svg
                          class=""
                        >
                          navigation-chevron-right-18.svg
                        </svg>
                      </div>
                    </a>
                  </div>
                  <div
                    class="stepIcon"
                    style="min-width: 0; flex-basis: auto;"
                  >
                    <img
                      src="empty.svg"
                    />
                  </div>
                </div>
              </div>
            </div>
          </div>
          <div
            class="mobile"
            style="min-width: 0; flex-basis: auto;"
          >
            <div
              class="uui-panel lNErC1 stepWrapper -YmdJu"
            >
              <div
                class="uui-panel lNErC1 step false undefined -YmdJu"
              >
                <div
                  class="uui-flex-row z4sbms _1HO2Le x8mfAd _7a2mcl"
                >
                  <div
                    class=""
                    style="min-width: 0; flex-basis: auto;"
                  >
                    <div
                      class="DItj1X uui-text uui-color-primary uui-font-weight-400 uui-font-style-normal uui-typography b2hPSQ -KuFcE ACLoGo stepNumber VocdbV"
                    >
                      01
                    </div>
                    <div
                      class="DItj1X uui-text uui-color-primary uui-font-weight-400 uui-font-style-normal uui-typography b2hPSQ -KuFcE ACLoGo stepTitle VocdbV"
                    >
                      Tenders for art objects are opened
                    </div>
                  </div>
                </div>
                <div
                  class="DItj1X uui-text uui-color-primary uui-font-weight-400 uui-font-style-normal uui-typography -Y5Dym _6GiZro _6Zp8gd stepDescription VocdbV"
                >
                  State officials announce open calls for street art tenders, inviting sculptors, artists, and creators to enhance the cityscape with original art installations.
                </div>
                <div
                  class="uui-flex-row z4sbms _1HO2Le x8mfAd k3cQ11"
                >
                  <div
                    class=""
                    style="min-width: 0; flex-basis: auto;"
                  >
                    <a
                      class="penmb- uui-button-box uui-enabled -clickable uui-link_button tZra-e uui-size-42 uui-no-left-icon uui-has-right-icon uui-color-primary"
                      data-testid="step-link-1"
                      role="link"
                      tabindex="0"
                    >
                      <div
                        class="uui-caption stepLink"
                      >
                        Discover Open Tenders
                      </div>
                      <div
                        class="_1t9CRQ uui-icon uui-enabled"
                      >
                        <svg
                          class=""
                        >
                          navigation-chevron-right-18.svg
                        </svg>
                      </div>
                    </a>
                  </div>
                </div>
              </div>
            </div>
            <div
              class="uui-panel lNErC1 stepWrapper -YmdJu"
            >
              <div
                class="uui-panel lNErC1 step offsetStart false -YmdJu"
              >
                <div
                  class="uui-flex-row z4sbms _1HO2Le x8mfAd _7a2mcl"
                >
                  <div
                    class=""
                    style="min-width: 0; flex-basis: auto;"
                  >
                    <div
                      class="DItj1X uui-text uui-color-primary uui-font-weight-400 uui-font-style-normal uui-typography b2hPSQ -KuFcE ACLoGo stepNumber VocdbV"
                    >
                      02
                    </div>
                    <div
                      class="DItj1X uui-text uui-color-primary uui-font-weight-400 uui-font-style-normal uui-typography b2hPSQ -KuFcE ACLoGo stepTitle VocdbV"
                    >
                      Ideas submission
                    </div>
                  </div>
                  <div
                    class="stepIcon"
                    style="min-width: 0; flex-basis: auto;"
                  >
                    <img
                      src="draganddrop.svg"
                    />
                  </div>
                </div>
                <div
                  class="DItj1X uui-text uui-color-primary uui-font-weight-400 uui-font-style-normal uui-typography -Y5Dym _6GiZro _6Zp8gd stepDescription VocdbV"
                >
                  Talented individuals submit their unique proposals, detailing their artistic concepts and providing estimated implementation costs for their envisioned projects.
                </div>
                <div
                  class="uui-flex-row z4sbms _1HO2Le x8mfAd k3cQ11"
                >
                  <div
                    class=""
                    style="min-width: 0; flex-basis: auto;"
                  >
                    <a
                      class="penmb- uui-button-box uui-enabled -clickable uui-link_button tZra-e uui-size-42 uui-no-left-icon uui-has-right-icon uui-color-primary"
                      data-testid="step-link-2"
                      role="link"
                      tabindex="0"
                    >
                      <div
                        class="uui-caption stepLink"
                      >
                        Submit Your Proposal
                      </div>
                      <div
                        class="_1t9CRQ uui-icon uui-enabled"
                      >
                        <svg
                          class=""
                        >
                          navigation-chevron-right-18.svg
                        </svg>
                      </div>
                    </a>
                  </div>
                </div>
              </div>
            </div>
            <div
              class="uui-panel lNErC1 stepWrapper -YmdJu"
            >
              <div
                class="uui-panel lNErC1 step false offsetEnd -YmdJu"
              >
                <div
                  class="uui-flex-row z4sbms _1HO2Le x8mfAd _7a2mcl"
                >
                  <div
                    class=""
                    style="min-width: 0; flex-basis: auto;"
                  >
                    <div
                      class="DItj1X uui-text uui-color-primary uui-font-weight-400 uui-font-style-normal uui-typography b2hPSQ -KuFcE ACLoGo stepNumber VocdbV"
                    >
                      03
                    </div>
                    <div
                      class="DItj1X uui-text uui-color-primary uui-font-weight-400 uui-font-style-normal uui-typography b2hPSQ -KuFcE ACLoGo stepTitle VocdbV"
                    >
                      Community Voting
                    </div>
                  </div>
                </div>
                <div
                  class="DItj1X uui-text uui-color-primary uui-font-weight-400 uui-font-style-normal uui-typography -Y5Dym _6GiZro _6Zp8gd stepDescription VocdbV"
                >
                  After submissions close, the public gets to cast their vote, selecting the final winning concept that will be brought to life.
                </div>
                <div
                  class="uui-flex-row z4sbms _1HO2Le x8mfAd k3cQ11"
                >
                  <div
                    class=""
                    style="min-width: 0; flex-basis: auto;"
                  >
                    <a
                      class="penmb- uui-button-box uui-enabled -clickable uui-link_button tZra-e uui-size-42 uui-no-left-icon uui-has-right-icon uui-color-primary"
                      data-testid="step-link-3"
                      role="link"
                      tabindex="0"
                    >
                      <div
                        class="uui-caption stepLink"
                      >
                        Vote for Art projects
                      </div>
                      <div
                        class="_1t9CRQ uui-icon uui-enabled"
                      >
                        <svg
                          class=""
                        >
                          navigation-chevron-right-18.svg
                        </svg>
                      </div>
                    </a>
                  </div>
                  <div
                    class="stepIcon"
                    style="min-width: 0; flex-basis: auto;"
                  >
                    <img
                      src="laptop.svg"
                    />
                  </div>
                </div>
              </div>
            </div>
            <div
              class="uui-panel lNErC1 stepWrapper -YmdJu"
            >
              <div
                class="uui-panel lNErC1 step false offsetEnd -YmdJu"
              >
                <div
                  class="uui-flex-row z4sbms _1HO2Le x8mfAd _7a2mcl"
                >
                  <div
                    class=""
                    style="min-width: 0; flex-basis: auto;"
                  >
                    <div
                      class="DItj1X uui-text uui-color-primary uui-font-weight-400 uui-font-style-normal uui-typography b2hPSQ -KuFcE ACLoGo stepNumber VocdbV"
                    >
                      04
                    </div>
                    <div
                      class="DItj1X uui-text uui-color-primary uui-font-weight-400 uui-font-style-normal uui-typography b2hPSQ -KuFcE ACLoGo stepTitle VocdbV"
                    >
                      Fundraising for the Art
                    </div>
                  </div>
                </div>
                <div
                  class="DItj1X uui-text uui-color-primary uui-font-weight-400 uui-font-style-normal uui-typography -Y5Dym _6GiZro _6Zp8gd stepDescription VocdbV"
                >
                  A call for investment is made to raise the necessary funds. As long the funds are coming in, the winner receives them to materialize the artistic vision.
                </div>
                <div
                  class="uui-flex-row z4sbms _1HO2Le x8mfAd k3cQ11"
                >
                  <div
                    class=""
                    style="min-width: 0; flex-basis: auto;"
                  >
                    <a
                      class="penmb- uui-button-box uui-enabled -clickable uui-link_button tZra-e uui-size-42 uui-no-left-icon uui-has-right-icon uui-color-primary"
                      data-testid="step-link-4"
                      role="link"
                      tabindex="0"
                    >
                      <div
                        class="uui-caption stepLink"
                      >
                        Invest in Art
                      </div>
                      <div
                        class="_1t9CRQ uui-icon uui-enabled"
                      >
                        <svg
                          class=""
                        >
                          navigation-chevron-right-18.svg
                        </svg>
                      </div>
                    </a>
                  </div>
                  <div
                    class="stepIcon"
                    style="min-width: 0; flex-basis: auto;"
                  >
                    <img
                      src="empty.svg"
                    />
                  </div>
                </div>
              </div>
            </div>
            <div
              class="uui-panel lNErC1 stepWrapper -YmdJu"
            >
              <div
                class="uui-panel lNErC1 step false undefined -YmdJu"
              >
                <div
                  class="uui-flex-row z4sbms _1HO2Le x8mfAd _7a2mcl"
                >
                  <div
                    class=""
                    style="min-width: 0; flex-basis: auto;"
                  >
                    <div
                      class="DItj1X uui-text uui-color-primary uui-font-weight-400 uui-font-style-normal uui-typography b2hPSQ -KuFcE ACLoGo stepNumber VocdbV"
                    >
                      05
                    </div>
                    <div
                      class="DItj1X uui-text uui-color-primary uui-font-weight-400 uui-font-style-normal uui-typography b2hPSQ -KuFcE ACLoGo stepTitle VocdbV"
                    >
                      Art Donations
                    </div>
                  </div>
                </div>
                <div
                  class="DItj1X uui-text uui-color-primary uui-font-weight-400 uui-font-style-normal uui-typography -Y5Dym _6GiZro _6Zp8gd stepDescription VocdbV"
                >
                  Upon completion, the new art installation is unveiled, complete with a donation box and QR code for ongoing support through online contributions. Donations received are shared with the investors and the artist, fostering a sustainable cycle that encourages the creation of new art projects.
                </div>
                <div
                  class="uui-flex-row z4sbms _1HO2Le x8mfAd k3cQ11"
                >
                  <div
                    class=""
                    style="min-width: 0; flex-basis: auto;"
                  >
                    <a
                      class="penmb- uui-button-box uui-enabled -clickable uui-link_button tZra-e uui-size-42 uui-no-left-icon uui-has-right-icon uui-color-primary"
                      data-testid="step-link-5"
                      role="link"
                      tabindex="0"
                    >
                      <div
                        class="uui-caption stepLink"
                      >
                        Donate to Support Art
                      </div>
                      <div
                        class="_1t9CRQ uui-icon uui-enabled"
                      >
                        <svg
                          class=""
                        >
                          navigation-chevron-right-18.svg
                        </svg>
                      </div>
                    </a>
                  </div>
                </div>
              </div>
            </div>
          </div>
        </div>
      </div>
    </div>
  </body>,
  "container": <div>
    <div
      class="uui-panel lNErC1 headerWrapper -YmdJu"
    >
      <div
        class="uui-flex-row z4sbms _1HO2Le x8mfAd q3nKl2"
      >
        <div
          class=""
          style="min-width: 0; flex-basis: 100%; text-align: center; align-self: center;"
        >
          <div
            class="DItj1X uui-text uui-color-primary uui-font-weight-600 uui-font-style-normal uui-typography b2hPSQ -KuFcE ACLoGo headerTitle VocdbV"
          >
            Welcome to Artograd
          </div>
          <div
            class="DItj1X uui-text uui-color-primary uui-font-weight-600 uui-font-style-normal uui-typography b2hPSQ -KuFcE ACLoGo headerSubTitle VocdbV"
          >
            The largest community of creators and city residents. 
            <br />
             Be the one who changes the world around.
          </div>
          <div
            class="uui-flex-row z4sbms _1HO2Le headerCta x8mfAd q3nKl2"
          >
            <button
              class="penmb- uui-button-box uui-enabled -clickable qBwJ-6 uui-button uui-fill-solid uui-color-primary uui-size-36"
              data-testid="join-community-cta"
              tabindex="0"
              type="button"
            >
              <div
                class="uui-caption"
              >
                Join Community
              </div>
            </button>
          </div>
        </div>
      </div>
    </div>
    <div
      class="steps"
      style="min-width: 0; flex-basis: 100%;"
    >
      <div
        class="DItj1X uui-text uui-color-primary uui-font-weight-700 uui-font-style-normal uui-typography b2hPSQ -KuFcE ACLoGo stepsTitle VocdbV"
      >
        How it works
      </div>
      <div
        class="uui-flex-row z4sbms _1HO2Le stepsSection x8mfAd q3nKl2"
      >
        <div
          class="desktop"
          style="min-width: 0; flex-basis: auto;"
        >
          <div
            class="uui-panel lNErC1 stepWrapper -YmdJu"
          >
            <div
              class="uui-panel lNErC1 step false undefined -YmdJu"
            >
              <div
                class="uui-flex-row z4sbms _1HO2Le x8mfAd _7a2mcl"
              >
                <div
                  class=""
                  style="min-width: 0; flex-basis: auto;"
                >
                  <div
                    class="DItj1X uui-text uui-color-primary uui-font-weight-400 uui-font-style-normal uui-typography b2hPSQ -KuFcE ACLoGo stepNumber VocdbV"
                  >
                    01
                  </div>
                  <div
                    class="DItj1X uui-text uui-color-primary uui-font-weight-400 uui-font-style-normal uui-typography b2hPSQ -KuFcE ACLoGo stepTitle VocdbV"
                  >
                    Tenders for art objects are opened
                  </div>
                </div>
              </div>
              <div
                class="DItj1X uui-text uui-color-primary uui-font-weight-400 uui-font-style-normal uui-typography -Y5Dym _6GiZro _6Zp8gd stepDescription VocdbV"
              >
                State officials announce open calls for street art tenders, inviting sculptors, artists, and creators to enhance the cityscape with original art installations.
              </div>
              <div
                class="uui-flex-row z4sbms _1HO2Le x8mfAd k3cQ11"
              >
                <div
                  class=""
                  style="min-width: 0; flex-basis: auto;"
                >
                  <a
                    class="penmb- uui-button-box uui-enabled -clickable uui-link_button tZra-e uui-size-42 uui-no-left-icon uui-has-right-icon uui-color-primary"
                    data-testid="step-link-1"
                    role="link"
                    tabindex="0"
                  >
                    <div
                      class="uui-caption stepLink"
                    >
                      Discover Open Tenders
                    </div>
                    <div
                      class="_1t9CRQ uui-icon uui-enabled"
                    >
                      <svg
                        class=""
                      >
                        navigation-chevron-right-18.svg
                      </svg>
                    </div>
                  </a>
                </div>
              </div>
            </div>
          </div>
          <div
            class="uui-panel lNErC1 stepWrapper -YmdJu"
          >
            <div
              class="uui-panel lNErC1 step false offsetEnd -YmdJu"
            >
              <div
                class="uui-flex-row z4sbms _1HO2Le x8mfAd _7a2mcl"
              >
                <div
                  class=""
                  style="min-width: 0; flex-basis: auto;"
                >
                  <div
                    class="DItj1X uui-text uui-color-primary uui-font-weight-400 uui-font-style-normal uui-typography b2hPSQ -KuFcE ACLoGo stepNumber VocdbV"
                  >
                    03
                  </div>
                  <div
                    class="DItj1X uui-text uui-color-primary uui-font-weight-400 uui-font-style-normal uui-typography b2hPSQ -KuFcE ACLoGo stepTitle VocdbV"
                  >
                    Community Voting
                  </div>
                </div>
              </div>
              <div
                class="DItj1X uui-text uui-color-primary uui-font-weight-400 uui-font-style-normal uui-typography -Y5Dym _6GiZro _6Zp8gd stepDescription VocdbV"
              >
                After submissions close, the public gets to cast their vote, selecting the final winning concept that will be brought to life.
              </div>
              <div
                class="uui-flex-row z4sbms _1HO2Le x8mfAd k3cQ11"
              >
                <div
                  class=""
                  style="min-width: 0; flex-basis: auto;"
                >
                  <a
                    class="penmb- uui-button-box uui-enabled -clickable uui-link_button tZra-e uui-size-42 uui-no-left-icon uui-has-right-icon uui-color-primary"
                    data-testid="step-link-3"
                    role="link"
                    tabindex="0"
                  >
                    <div
                      class="uui-caption stepLink"
                    >
                      Vote for Art projects
                    </div>
                    <div
                      class="_1t9CRQ uui-icon uui-enabled"
                    >
                      <svg
                        class=""
                      >
                        navigation-chevron-right-18.svg
                      </svg>
                    </div>
                  </a>
                </div>
                <div
                  class="stepIcon"
                  style="min-width: 0; flex-basis: auto;"
                >
                  <img
                    src="laptop.svg"
                  />
                </div>
              </div>
            </div>
          </div>
          <div
            class="uui-panel lNErC1 stepWrapper -YmdJu"
          >
            <div
              class="uui-panel lNErC1 step false undefined -YmdJu"
            >
              <div
                class="uui-flex-row z4sbms _1HO2Le x8mfAd _7a2mcl"
              >
                <div
                  class=""
                  style="min-width: 0; flex-basis: auto;"
                >
                  <div
                    class="DItj1X uui-text uui-color-primary uui-font-weight-400 uui-font-style-normal uui-typography b2hPSQ -KuFcE ACLoGo stepNumber VocdbV"
                  >
                    05
                  </div>
                  <div
                    class="DItj1X uui-text uui-color-primary uui-font-weight-400 uui-font-style-normal uui-typography b2hPSQ -KuFcE ACLoGo stepTitle VocdbV"
                  >
                    Art Donations
                  </div>
                </div>
              </div>
              <div
                class="DItj1X uui-text uui-color-primary uui-font-weight-400 uui-font-style-normal uui-typography -Y5Dym _6GiZro _6Zp8gd stepDescription VocdbV"
              >
                Upon completion, the new art installation is unveiled, complete with a donation box and QR code for ongoing support through online contributions. Donations received are shared with the investors and the artist, fostering a sustainable cycle that encourages the creation of new art projects.
              </div>
              <div
                class="uui-flex-row z4sbms _1HO2Le x8mfAd k3cQ11"
              >
                <div
                  class=""
                  style="min-width: 0; flex-basis: auto;"
                >
                  <a
                    class="penmb- uui-button-box uui-enabled -clickable uui-link_button tZra-e uui-size-42 uui-no-left-icon uui-has-right-icon uui-color-primary"
                    data-testid="step-link-5"
                    role="link"
                    tabindex="0"
                  >
                    <div
                      class="uui-caption stepLink"
                    >
                      Donate to Support Art
                    </div>
                    <div
                      class="_1t9CRQ uui-icon uui-enabled"
                    >
                      <svg
                        class=""
                      >
                        navigation-chevron-right-18.svg
                      </svg>
                    </div>
                  </a>
                </div>
              </div>
            </div>
          </div>
        </div>
        <div
          class="desktop"
          style="min-width: 0; flex-basis: auto;"
        >
          <div
            class="uui-panel lNErC1 stepWrapper -YmdJu"
          >
            <div
              class="uui-panel lNErC1 step offsetStart false -YmdJu"
            >
              <div
                class="uui-flex-row z4sbms _1HO2Le x8mfAd _7a2mcl"
              >
                <div
                  class=""
                  style="min-width: 0; flex-basis: auto;"
                >
                  <div
                    class="DItj1X uui-text uui-color-primary uui-font-weight-400 uui-font-style-normal uui-typography b2hPSQ -KuFcE ACLoGo stepNumber VocdbV"
                  >
                    02
                  </div>
                  <div
                    class="DItj1X uui-text uui-color-primary uui-font-weight-400 uui-font-style-normal uui-typography b2hPSQ -KuFcE ACLoGo stepTitle VocdbV"
                  >
                    Ideas submission
                  </div>
                </div>
                <div
                  class="stepIcon"
                  style="min-width: 0; flex-basis: auto;"
                >
                  <img
                    src="draganddrop.svg"
                  />
                </div>
              </div>
              <div
                class="DItj1X uui-text uui-color-primary uui-font-weight-400 uui-font-style-normal uui-typography -Y5Dym _6GiZro _6Zp8gd stepDescription VocdbV"
              >
                Talented individuals submit their unique proposals, detailing their artistic concepts and providing estimated implementation costs for their envisioned projects.
              </div>
              <div
                class="uui-flex-row z4sbms _1HO2Le x8mfAd k3cQ11"
              >
                <div
                  class=""
                  style="min-width: 0; flex-basis: auto;"
                >
                  <a
                    class="penmb- uui-button-box uui-enabled -clickable uui-link_button tZra-e uui-size-42 uui-no-left-icon uui-has-right-icon uui-color-primary"
                    data-testid="step-link-2"
                    role="link"
                    tabindex="0"
                  >
                    <div
                      class="uui-caption stepLink"
                    >
                      Submit Your Proposal
                    </div>
                    <div
                      class="_1t9CRQ uui-icon uui-enabled"
                    >
                      <svg
                        class=""
                      >
                        navigation-chevron-right-18.svg
                      </svg>
                    </div>
                  </a>
                </div>
              </div>
            </div>
          </div>
          <div
            class="uui-panel lNErC1 stepWrapper -YmdJu"
          >
            <div
              class="uui-panel lNErC1 step false offsetEnd -YmdJu"
            >
              <div
                class="uui-flex-row z4sbms _1HO2Le x8mfAd _7a2mcl"
              >
                <div
                  class=""
                  style="min-width: 0; flex-basis: auto;"
                >
                  <div
                    class="DItj1X uui-text uui-color-primary uui-font-weight-400 uui-font-style-normal uui-typography b2hPSQ -KuFcE ACLoGo stepNumber VocdbV"
                  >
                    04
                  </div>
                  <div
                    class="DItj1X uui-text uui-color-primary uui-font-weight-400 uui-font-style-normal uui-typography b2hPSQ -KuFcE ACLoGo stepTitle VocdbV"
                  >
                    Fundraising for the Art
                  </div>
                </div>
              </div>
              <div
                class="DItj1X uui-text uui-color-primary uui-font-weight-400 uui-font-style-normal uui-typography -Y5Dym _6GiZro _6Zp8gd stepDescription VocdbV"
              >
                A call for investment is made to raise the necessary funds. As long the funds are coming in, the winner receives them to materialize the artistic vision.
              </div>
              <div
                class="uui-flex-row z4sbms _1HO2Le x8mfAd k3cQ11"
              >
                <div
                  class=""
                  style="min-width: 0; flex-basis: auto;"
                >
                  <a
                    class="penmb- uui-button-box uui-enabled -clickable uui-link_button tZra-e uui-size-42 uui-no-left-icon uui-has-right-icon uui-color-primary"
                    data-testid="step-link-4"
                    role="link"
                    tabindex="0"
                  >
                    <div
                      class="uui-caption stepLink"
                    >
                      Invest in Art
                    </div>
                    <div
                      class="_1t9CRQ uui-icon uui-enabled"
                    >
                      <svg
                        class=""
                      >
                        navigation-chevron-right-18.svg
                      </svg>
                    </div>
                  </a>
                </div>
                <div
                  class="stepIcon"
                  style="min-width: 0; flex-basis: auto;"
                >
                  <img
                    src="empty.svg"
                  />
                </div>
              </div>
            </div>
          </div>
        </div>
        <div
          class="mobile"
          style="min-width: 0; flex-basis: auto;"
        >
          <div
            class="uui-panel lNErC1 stepWrapper -YmdJu"
          >
            <div
              class="uui-panel lNErC1 step false undefined -YmdJu"
            >
              <div
                class="uui-flex-row z4sbms _1HO2Le x8mfAd _7a2mcl"
              >
                <div
                  class=""
                  style="min-width: 0; flex-basis: auto;"
                >
                  <div
                    class="DItj1X uui-text uui-color-primary uui-font-weight-400 uui-font-style-normal uui-typography b2hPSQ -KuFcE ACLoGo stepNumber VocdbV"
                  >
                    01
                  </div>
                  <div
                    class="DItj1X uui-text uui-color-primary uui-font-weight-400 uui-font-style-normal uui-typography b2hPSQ -KuFcE ACLoGo stepTitle VocdbV"
                  >
                    Tenders for art objects are opened
                  </div>
                </div>
              </div>
              <div
                class="DItj1X uui-text uui-color-primary uui-font-weight-400 uui-font-style-normal uui-typography -Y5Dym _6GiZro _6Zp8gd stepDescription VocdbV"
              >
                State officials announce open calls for street art tenders, inviting sculptors, artists, and creators to enhance the cityscape with original art installations.
              </div>
              <div
                class="uui-flex-row z4sbms _1HO2Le x8mfAd k3cQ11"
              >
                <div
                  class=""
                  style="min-width: 0; flex-basis: auto;"
                >
                  <a
                    class="penmb- uui-button-box uui-enabled -clickable uui-link_button tZra-e uui-size-42 uui-no-left-icon uui-has-right-icon uui-color-primary"
                    data-testid="step-link-1"
                    role="link"
                    tabindex="0"
                  >
                    <div
                      class="uui-caption stepLink"
                    >
                      Discover Open Tenders
                    </div>
                    <div
                      class="_1t9CRQ uui-icon uui-enabled"
                    >
                      <svg
                        class=""
                      >
                        navigation-chevron-right-18.svg
                      </svg>
                    </div>
                  </a>
                </div>
              </div>
            </div>
          </div>
          <div
            class="uui-panel lNErC1 stepWrapper -YmdJu"
          >
            <div
              class="uui-panel lNErC1 step offsetStart false -YmdJu"
            >
              <div
                class="uui-flex-row z4sbms _1HO2Le x8mfAd _7a2mcl"
              >
                <div
                  class=""
                  style="min-width: 0; flex-basis: auto;"
                >
                  <div
                    class="DItj1X uui-text uui-color-primary uui-font-weight-400 uui-font-style-normal uui-typography b2hPSQ -KuFcE ACLoGo stepNumber VocdbV"
                  >
                    02
                  </div>
                  <div
                    class="DItj1X uui-text uui-color-primary uui-font-weight-400 uui-font-style-normal uui-typography b2hPSQ -KuFcE ACLoGo stepTitle VocdbV"
                  >
                    Ideas submission
                  </div>
                </div>
                <div
                  class="stepIcon"
                  style="min-width: 0; flex-basis: auto;"
                >
                  <img
                    src="draganddrop.svg"
                  />
                </div>
              </div>
              <div
                class="DItj1X uui-text uui-color-primary uui-font-weight-400 uui-font-style-normal uui-typography -Y5Dym _6GiZro _6Zp8gd stepDescription VocdbV"
              >
                Talented individuals submit their unique proposals, detailing their artistic concepts and providing estimated implementation costs for their envisioned projects.
              </div>
              <div
                class="uui-flex-row z4sbms _1HO2Le x8mfAd k3cQ11"
              >
                <div
                  class=""
                  style="min-width: 0; flex-basis: auto;"
                >
                  <a
                    class="penmb- uui-button-box uui-enabled -clickable uui-link_button tZra-e uui-size-42 uui-no-left-icon uui-has-right-icon uui-color-primary"
                    data-testid="step-link-2"
                    role="link"
                    tabindex="0"
                  >
                    <div
                      class="uui-caption stepLink"
                    >
                      Submit Your Proposal
                    </div>
                    <div
                      class="_1t9CRQ uui-icon uui-enabled"
                    >
                      <svg
                        class=""
                      >
                        navigation-chevron-right-18.svg
                      </svg>
                    </div>
                  </a>
                </div>
              </div>
            </div>
          </div>
          <div
            class="uui-panel lNErC1 stepWrapper -YmdJu"
          >
            <div
              class="uui-panel lNErC1 step false offsetEnd -YmdJu"
            >
              <div
                class="uui-flex-row z4sbms _1HO2Le x8mfAd _7a2mcl"
              >
                <div
                  class=""
                  style="min-width: 0; flex-basis: auto;"
                >
                  <div
                    class="DItj1X uui-text uui-color-primary uui-font-weight-400 uui-font-style-normal uui-typography b2hPSQ -KuFcE ACLoGo stepNumber VocdbV"
                  >
                    03
                  </div>
                  <div
                    class="DItj1X uui-text uui-color-primary uui-font-weight-400 uui-font-style-normal uui-typography b2hPSQ -KuFcE ACLoGo stepTitle VocdbV"
                  >
                    Community Voting
                  </div>
                </div>
              </div>
              <div
                class="DItj1X uui-text uui-color-primary uui-font-weight-400 uui-font-style-normal uui-typography -Y5Dym _6GiZro _6Zp8gd stepDescription VocdbV"
              >
                After submissions close, the public gets to cast their vote, selecting the final winning concept that will be brought to life.
              </div>
              <div
                class="uui-flex-row z4sbms _1HO2Le x8mfAd k3cQ11"
              >
                <div
                  class=""
                  style="min-width: 0; flex-basis: auto;"
                >
                  <a
                    class="penmb- uui-button-box uui-enabled -clickable uui-link_button tZra-e uui-size-42 uui-no-left-icon uui-has-right-icon uui-color-primary"
                    data-testid="step-link-3"
                    role="link"
                    tabindex="0"
                  >
                    <div
                      class="uui-caption stepLink"
                    >
                      Vote for Art projects
                    </div>
                    <div
                      class="_1t9CRQ uui-icon uui-enabled"
                    >
                      <svg
                        class=""
                      >
                        navigation-chevron-right-18.svg
                      </svg>
                    </div>
                  </a>
                </div>
                <div
                  class="stepIcon"
                  style="min-width: 0; flex-basis: auto;"
                >
                  <img
                    src="laptop.svg"
                  />
                </div>
              </div>
            </div>
          </div>
          <div
            class="uui-panel lNErC1 stepWrapper -YmdJu"
          >
            <div
              class="uui-panel lNErC1 step false offsetEnd -YmdJu"
            >
              <div
                class="uui-flex-row z4sbms _1HO2Le x8mfAd _7a2mcl"
              >
                <div
                  class=""
                  style="min-width: 0; flex-basis: auto;"
                >
                  <div
                    class="DItj1X uui-text uui-color-primary uui-font-weight-400 uui-font-style-normal uui-typography b2hPSQ -KuFcE ACLoGo stepNumber VocdbV"
                  >
                    04
                  </div>
                  <div
                    class="DItj1X uui-text uui-color-primary uui-font-weight-400 uui-font-style-normal uui-typography b2hPSQ -KuFcE ACLoGo stepTitle VocdbV"
                  >
                    Fundraising for the Art
                  </div>
                </div>
              </div>
              <div
                class="DItj1X uui-text uui-color-primary uui-font-weight-400 uui-font-style-normal uui-typography -Y5Dym _6GiZro _6Zp8gd stepDescription VocdbV"
              >
                A call for investment is made to raise the necessary funds. As long the funds are coming in, the winner receives them to materialize the artistic vision.
              </div>
              <div
                class="uui-flex-row z4sbms _1HO2Le x8mfAd k3cQ11"
              >
                <div
                  class=""
                  style="min-width: 0; flex-basis: auto;"
                >
                  <a
                    class="penmb- uui-button-box uui-enabled -clickable uui-link_button tZra-e uui-size-42 uui-no-left-icon uui-has-right-icon uui-color-primary"
                    data-testid="step-link-4"
                    role="link"
                    tabindex="0"
                  >
                    <div
                      class="uui-caption stepLink"
                    >
                      Invest in Art
                    </div>
                    <div
                      class="_1t9CRQ uui-icon uui-enabled"
                    >
                      <svg
                        class=""
                      >
                        navigation-chevron-right-18.svg
                      </svg>
                    </div>
                  </a>
                </div>
                <div
                  class="stepIcon"
                  style="min-width: 0; flex-basis: auto;"
                >
                  <img
                    src="empty.svg"
                  />
                </div>
              </div>
            </div>
          </div>
          <div
            class="uui-panel lNErC1 stepWrapper -YmdJu"
          >
            <div
              class="uui-panel lNErC1 step false undefined -YmdJu"
            >
              <div
                class="uui-flex-row z4sbms _1HO2Le x8mfAd _7a2mcl"
              >
                <div
                  class=""
                  style="min-width: 0; flex-basis: auto;"
                >
                  <div
                    class="DItj1X uui-text uui-color-primary uui-font-weight-400 uui-font-style-normal uui-typography b2hPSQ -KuFcE ACLoGo stepNumber VocdbV"
                  >
                    05
                  </div>
                  <div
                    class="DItj1X uui-text uui-color-primary uui-font-weight-400 uui-font-style-normal uui-typography b2hPSQ -KuFcE ACLoGo stepTitle VocdbV"
                  >
                    Art Donations
                  </div>
                </div>
              </div>
              <div
                class="DItj1X uui-text uui-color-primary uui-font-weight-400 uui-font-style-normal uui-typography -Y5Dym _6GiZro _6Zp8gd stepDescription VocdbV"
              >
                Upon completion, the new art installation is unveiled, complete with a donation box and QR code for ongoing support through online contributions. Donations received are shared with the investors and the artist, fostering a sustainable cycle that encourages the creation of new art projects.
              </div>
              <div
                class="uui-flex-row z4sbms _1HO2Le x8mfAd k3cQ11"
              >
                <div
                  class=""
                  style="min-width: 0; flex-basis: auto;"
                >
                  <a
                    class="penmb- uui-button-box uui-enabled -clickable uui-link_button tZra-e uui-size-42 uui-no-left-icon uui-has-right-icon uui-color-primary"
                    data-testid="step-link-5"
                    role="link"
                    tabindex="0"
                  >
                    <div
                      class="uui-caption stepLink"
                    >
                      Donate to Support Art
                    </div>
                    <div
                      class="_1t9CRQ uui-icon uui-enabled"
                    >
                      <svg
                        class=""
                      >
                        navigation-chevron-right-18.svg
                      </svg>
                    </div>
                  </a>
                </div>
              </div>
            </div>
          </div>
        </div>
      </div>
    </div>
  </div>,
  "debug": [Function],
  "findAllByAltText": [Function],
  "findAllByDisplayValue": [Function],
  "findAllByLabelText": [Function],
  "findAllByPlaceholderText": [Function],
  "findAllByRole": [Function],
  "findAllByTestId": [Function],
  "findAllByText": [Function],
  "findAllByTitle": [Function],
  "findByAltText": [Function],
  "findByDisplayValue": [Function],
  "findByLabelText": [Function],
  "findByPlaceholderText": [Function],
  "findByRole": [Function],
  "findByTestId": [Function],
  "findByText": [Function],
  "findByTitle": [Function],
  "getAllByAltText": [Function],
  "getAllByDisplayValue": [Function],
  "getAllByLabelText": [Function],
  "getAllByPlaceholderText": [Function],
  "getAllByRole": [Function],
  "getAllByTestId": [Function],
  "getAllByText": [Function],
  "getAllByTitle": [Function],
  "getByAltText": [Function],
  "getByDisplayValue": [Function],
  "getByLabelText": [Function],
  "getByPlaceholderText": [Function],
  "getByRole": [Function],
  "getByTestId": [Function],
  "getByText": [Function],
  "getByTitle": [Function],
  "queryAllByAltText": [Function],
  "queryAllByDisplayValue": [Function],
  "queryAllByLabelText": [Function],
  "queryAllByPlaceholderText": [Function],
  "queryAllByRole": [Function],
  "queryAllByTestId": [Function],
  "queryAllByText": [Function],
  "queryAllByTitle": [Function],
  "queryByAltText": [Function],
  "queryByDisplayValue": [Function],
  "queryByLabelText": [Function],
  "queryByPlaceholderText": [Function],
  "queryByRole": [Function],
  "queryByTestId": [Function],
  "queryByText": [Function],
  "queryByTitle": [Function],
  "rerender": [Function],
  "unmount": [Function],
}
`;
