// Jest Snapshot v1, https://goo.gl/fbAQLP

exports[`Avatar renders correctly 1`] = `
Object {
  "asFragment": [Function],
  "baseElement": <body>
    <div>
      <div
        class="uui-panel nNCe-- uEZmHy"
        data-testid="user-avatar"
      >
        <button
          class="-Ar0uP -clickable"
        >
          <img
            class="hd78KB"
            height="36"
            src="https://static.cdn.epam.com/uploads/690afa39a93c88c4dd13758fe1d869d5/EPM-UUI/Images/avatar_placeholder.jpg"
            width="36"
          />
          <div>
            <div
              class="Prmk3w uui-icon uui-enabled"
            >
              <svg
                class=""
                height="18"
                viewBox="0 0 18 18"
                width="18"
                xmlns="http://www.w3.org/2000/svg"
              >
                <path
                  d="M12.443 6.442 9 9.877 5.558 6.442 4.5 7.5 9 12l4.5-4.5z"
                  fill-rule="evenodd"
                />
              </svg>
            </div>
          </div>
        </button>
      </div>
    </div>
  </body>,
  "container": <div>
    <div
      class="uui-panel nNCe-- uEZmHy"
      data-testid="user-avatar"
    >
      <button
        class="-Ar0uP -clickable"
      >
        <img
          class="hd78KB"
          height="36"
          src="https://static.cdn.epam.com/uploads/690afa39a93c88c4dd13758fe1d869d5/EPM-UUI/Images/avatar_placeholder.jpg"
          width="36"
        />
        <div>
          <div
            class="Prmk3w uui-icon uui-enabled"
          >
            <svg
              class=""
              height="18"
              viewBox="0 0 18 18"
              width="18"
              xmlns="http://www.w3.org/2000/svg"
            >
              <path
                d="M12.443 6.442 9 9.877 5.558 6.442 4.5 7.5 9 12l4.5-4.5z"
                fill-rule="evenodd"
              />
            </svg>
          </div>
        </div>
      </button>
    </div>
  </div>,
  "debug": [Function],
  "findAllByAltText": [Function],
  "findAllByAria": [Function],
  "findAllByDisplayValue": [Function],
  "findAllByLabelText": [Function],
  "findAllByPlaceholderText": [Function],
  "findAllByRole": [Function],
  "findAllByRoleAndText": [Function],
  "findAllByTestId": [Function],
  "findAllByText": [Function],
  "findAllByTitle": [Function],
  "findByAltText": [Function],
  "findByAria": [Function],
  "findByDisplayValue": [Function],
  "findByLabelText": [Function],
  "findByPlaceholderText": [Function],
  "findByRole": [Function],
  "findByRoleAndText": [Function],
  "findByTestId": [Function],
  "findByText": [Function],
  "findByTitle": [Function],
  "getAllByAltText": [Function],
  "getAllByAria": [Function],
  "getAllByDisplayValue": [Function],
  "getAllByLabelText": [Function],
  "getAllByPlaceholderText": [Function],
  "getAllByRole": [Function],
  "getAllByRoleAndText": [Function],
  "getAllByTestId": [Function],
  "getAllByText": [Function],
  "getAllByTitle": [Function],
  "getByAltText": [Function],
  "getByAria": [Function],
  "getByDisplayValue": [Function],
  "getByLabelText": [Function],
  "getByPlaceholderText": [Function],
  "getByRole": [Function],
  "getByRoleAndText": [Function],
  "getByTestId": [Function],
  "getByText": [Function],
  "getByTitle": [Function],
  "queryAllByAltText": [Function],
  "queryAllByAria": [Function],
  "queryAllByDisplayValue": [Function],
  "queryAllByLabelText": [Function],
  "queryAllByPlaceholderText": [Function],
  "queryAllByRole": [Function],
  "queryAllByRoleAndText": [Function],
  "queryAllByTestId": [Function],
  "queryAllByText": [Function],
  "queryAllByTitle": [Function],
  "queryByAltText": [Function],
  "queryByAria": [Function],
  "queryByDisplayValue": [Function],
  "queryByLabelText": [Function],
  "queryByPlaceholderText": [Function],
  "queryByRole": [Function],
  "queryByRoleAndText": [Function],
  "queryByTestId": [Function],
  "queryByText": [Function],
  "queryByTitle": [Function],
  "rerender": [Function],
  "unmount": [Function],
}
`;
